- |+
  0: at line 1, in Tag:
  floo r0 r1 into r2;
  ^

  1: at line 1, in Alt:
  floo r0 r1 into r2;
  ^

- |+
  0: at line 1, in Tag:
  add s0 r1 into r3;
  ^

  1: at line 1, in Alt:
  add s0 r1 into r3;
  ^

